[13-08  22:01:09] INFO bot [mode=START] : ‚è≤Ô∏è Time offset set to -544 ms
[13-08  22:01:10] INFO bot [mode=START] : üìà Initial snapshot fetched
[13-08  22:01:11] INFO bot [mode=START] : Orchestrator started
[13-08  22:01:11] INFO bot [mode=-] : [REINVEST-LOOP] –≤—Ö–æ–¥ –≤ —Ü–∏–∫–ª, –∂–¥—É tp_filled_evt
[13-08  22:01:12] INFO bot [mode=WS] : ‚úÖ [WS-PUB] subscribed to tickers
[13-08  22:01:16] DEBUG bot [mode=-] : üîÑ [TPSL] initial sync pass
[13-08  22:01:19] INFO bot [mode=ORDER] : ‚Üí ORDER mode , self.hedged = False
[13-08  22:01:19] INFO bot [mode=ORDER] : üîÑ [OrderMode] starting order loop
[13-08  22:01:21] INFO bot [mode=ORDER] : üéØ [OrderMode] placed FOK: BUY 2771907485871955969@0.24059475, SELL 2771907485871955968@0.24545525
[13-08  22:01:31] INFO bot [mode=ORDER] : üïê [OrderMode] no fill after 10.0s, retry
[13-08  22:01:31] INFO bot [mode=ORDER] : üõë [OrderMode] cancelled 2771907485871955969
[13-08  22:01:31] ERROR bot [mode=REST] : API error code=1 response={'code': '1', 'data': [{'clOrdId': '', 'ordId': '2771907485871955968', 'sCode': '51400', 'sMsg': 'Order cancellation failed as the order has been filled, canceled or does not exist.', 'ts': '1755111691387'}], 'inTime': '1755111691355778', 'msg': 'All operations failed', 'outTime': '1755111691358908'}
[13-08  22:01:31] ERROR bot [mode=ORDER] : ‚ùå [OrderMode] cancel-order failed for 2771907485871955968: API error 1
Traceback (most recent call last):
  File "d:\Develop\Python\trade_bot\11.9.1\core\order_mode.py", line 26, in cancel_order
    await self.rest.request(
  File "d:\Develop\Python\trade_bot\11.9.1\core\rest_client.py", line 294, in request
    raise RuntimeError(f"API error {code}")
RuntimeError: API error 1
[13-08  22:01:31] INFO bot [mode=ORDER] : üîÑ [OrderMode] starting order loop
[13-08  22:01:33] INFO bot [mode=ORDER] : üéØ [OrderMode] placed FOK: BUY 2771907889699545088@0.24391125, SELL 2771907888927793152@0.24883875
[13-08  22:01:43] INFO bot [mode=ORDER] : üïê [OrderMode] no fill after 10.0s, retry
[13-08  22:01:43] ERROR bot [mode=REST] : API error code=1 response={'code': '1', 'data': [{'clOrdId': '', 'ordId': '2771907889699545088', 'sCode': '51400', 'sMsg': 'Order cancellation failed as the order has been filled, canceled or does not exist.', 'ts': '1755111702905'}], 'inTime': '1755111702873525', 'msg': 'All operations failed', 'outTime': '1755111702876542'}
[13-08  22:01:43] ERROR bot [mode=ORDER] : ‚ùå [OrderMode] cancel-order failed for 2771907889699545088: API error 1
Traceback (most recent call last):
  File "d:\Develop\Python\trade_bot\11.9.1\core\order_mode.py", line 26, in cancel_order
    await self.rest.request(
  File "d:\Develop\Python\trade_bot\11.9.1\core\rest_client.py", line 294, in request
    raise RuntimeError(f"API error {code}")
RuntimeError: API error 1
[13-08  22:01:44] INFO bot [mode=ORDER] : üõë [OrderMode] cancelled 2771907888927793152
[13-08  22:01:44] INFO bot [mode=ORDER] : üîÑ [OrderMode] starting order loop
[13-08  22:01:45] INFO bot [mode=ORDER] : üéØ [OrderMode] placed FOK: BUY 2771908291211878400@0.24168375, SELL 2771908291580977152@0.24656625
[13-08  22:01:47] INFO bot [mode=WS] : ‚úÖ [WS-PRIV] login successful
[13-08  22:01:48] INFO bot [mode=WS] : ‚úÖ [WS-PRIV] subscribed to orders
[13-08  22:01:48] INFO bot [mode=WS] : ‚úÖ [WS-PRIV] subscribed to positions
[13-08  22:01:49] INFO bot [mode=TPSL] : Two positions ‚Üí TPSL mode active
[13-08  22:01:54] DEBUG bot [mode=TPSL] : [TPSL] fetched 0 pending algos
[13-08  22:01:54] DEBUG bot [mode=-] : üîç [TPSL] mismatch debug:
  init: api=0.0, expected=0.243045, diff=100.0000%
  hedge: api=0.0, expected=0.40772784, diff=100.0000%
  threshold=5.0000%
[13-08  22:01:54] INFO bot [mode=-] : üõ†Ô∏è [TPSL] mismatch detected ‚Üí reinstall all algos
[13-08  22:01:54] DEBUG bot [mode=-] : üîÑ [TPSL] reinstall_all ‚Üí init(short)=0.05@0.2455, hedge(long)=0.05@0.2439, tp_init=0.243045, tp_hedge=0.40772784
[13-08  22:01:55] INFO bot [mode=-] : üéØ [TPSL] placed OCO(SDOGEUSDTSWAP) @ 0.243045
[13-08  22:01:56] INFO bot [mode=-] : üéØ [TPSL] placed Conditional(LDOGEUSDTSWAP) @ 0.40772784
[13-08  22:02:01] DEBUG bot [mode=TPSL] : [TPSL] fetched 2 pending algos
[13-08  22:02:01] DEBUG bot [mode=-] : üîç [TPSL] mismatch debug:
  init: api=0.24304, expected=0.243045, diff=0.0021%
  hedge: api=0.40772, expected=0.40772784, diff=0.0019%
  threshold=5.0000%
[13-08  22:02:07] DEBUG bot [mode=TPSL] : [TPSL] fetched 2 pending algos
[13-08  22:02:07] DEBUG bot [mode=-] : üîç [TPSL] mismatch debug:
  init: api=0.24304, expected=0.243045, diff=0.0021%
  hedge: api=0.40772, expected=0.40772784, diff=0.0019%
  threshold=5.0000%
[13-08  22:02:13] DEBUG bot [mode=TPSL] : [TPSL] fetched 2 pending algos
[13-08  22:02:13] DEBUG bot [mode=-] : üîç [TPSL] mismatch debug:
  init: api=0.24304, expected=0.243045, diff=0.0021%
  hedge: api=0.40772, expected=0.40772784, diff=0.0019%
  threshold=5.0000%
[13-08  22:02:19] DEBUG bot [mode=TPSL] : [TPSL] fetched 2 pending algos
[13-08  22:02:19] DEBUG bot [mode=-] : üîç [TPSL] mismatch debug:
  init: api=0.24304, expected=0.243045, diff=0.0021%
  hedge: api=0.40772, expected=0.40772784, diff=0.0019%
  threshold=5.0000%
[13-08  22:02:24] DEBUG bot [mode=TPSL] : [TPSL] fetched 2 pending algos
[13-08  22:02:24] DEBUG bot [mode=-] : üîç [TPSL] mismatch debug:
  init: api=0.24304, expected=0.243045, diff=0.0021%
  hedge: api=0.40772, expected=0.40772784, diff=0.0019%
  threshold=5.0000%
[13-08  22:02:30] DEBUG bot [mode=TPSL] : [TPSL] fetched 2 pending algos
[13-08  22:02:30] DEBUG bot [mode=-] : üîç [TPSL] mismatch debug:
  init: api=0.24304, expected=0.243045, diff=0.0021%
  hedge: api=0.40772, expected=0.40772784, diff=0.0019%
  threshold=5.0000%
[13-08  22:02:36] DEBUG bot [mode=TPSL] : [TPSL] fetched 2 pending algos
[13-08  22:02:36] DEBUG bot [mode=-] : üîç [TPSL] mismatch debug:
  init: api=0.24304, expected=0.243045, diff=0.0021%
  hedge: api=0.40772, expected=0.40772784, diff=0.0019%
  threshold=5.0000%
[13-08  22:02:42] DEBUG bot [mode=TPSL] : [TPSL] fetched 2 pending algos
[13-08  22:02:42] DEBUG bot [mode=-] : üîç [TPSL] mismatch debug:
  init: api=0.24304, expected=0.243045, diff=0.0021%
  hedge: api=0.40772, expected=0.40772784, diff=0.0019%
  threshold=5.0000%
[13-08  22:02:47] DEBUG bot [mode=TPSL] : [TPSL] fetched 2 pending algos
[13-08  22:02:47] DEBUG bot [mode=-] : üîç [TPSL] mismatch debug:
  init: api=0.24304, expected=0.243045, diff=0.0021%
  hedge: api=0.40772, expected=0.40772784, diff=0.0019%
  threshold=5.0000%
[13-08  22:03:55] INFO bot [mode=START] : ‚è≤Ô∏è Time offset set to -517 ms
[13-08  22:03:55] INFO bot [mode=START] : üìà Initial snapshot fetched
[13-08  22:03:56] INFO bot [mode=START] : Orchestrator started
[13-08  22:03:56] INFO bot [mode=-] : [REINVEST-LOOP] –≤—Ö–æ–¥ –≤ —Ü–∏–∫–ª, –∂–¥—É tp_filled_evt
[13-08  22:03:57] INFO bot [mode=WS] : ‚úÖ [WS-PRIV] login successful
[13-08  22:03:57] INFO bot [mode=WS] : ‚úÖ [WS-PUB] subscribed to tickers
[13-08  22:03:57] INFO bot [mode=WS] : ‚úÖ [WS-PRIV] subscribed to orders
[13-08  22:03:57] INFO bot [mode=WS] : ‚úÖ [WS-PRIV] subscribed to positions
[13-08  22:04:01] DEBUG bot [mode=-] : üîÑ [TPSL] initial sync pass
[13-08  22:04:04] INFO bot [mode=ORDER] : ‚Üí ORDER mode , self.hedged = False
[13-08  22:04:04] INFO bot [mode=ORDER] : üîÑ [OrderMode] starting order loop
[13-08  22:04:09] INFO bot [mode=ORDER] : üéØ [OrderMode] placed FOK: BUY 2771913017051635712@0.243639, SELL 2771913125835104256@0.248561
[13-08  22:04:19] INFO bot [mode=ORDER] : üïê [OrderMode] no fill after 10.0s, retry
[13-08  22:04:19] INFO bot [mode=ORDER] : üõë [OrderMode] cancelled 2771913017051635712
[13-08  22:04:19] INFO bot [mode=ORDER] : üõë [OrderMode] cancelled 2771913125835104256
[13-08  22:04:19] INFO bot [mode=ORDER] : üîÑ [OrderMode] starting order loop
[13-08  22:04:21] INFO bot [mode=ORDER] : üéØ [OrderMode] placed FOK: BUY 2771913526240141312@0.24212925, SELL 2771913526240141313@0.24702075
[13-08  22:04:26] INFO bot [mode=FILL] : ‚ö° [FILL] DOGE-USDT-SWAP: SELL/short closed size=0.05@0.24705
[13-08  22:04:27] INFO bot [mode=PREHEDGE] : ‚Üí PRE-HEDGE mode
[13-08  22:04:27] INFO bot [mode=-] : üîÑ [PreHEDGE] –Ω–æ–≤—ã–π –∑–∞–ø—É—Å–∫ tp_watcher
[13-08  22:04:27] INFO bot [mode=-] : üéØ [PreHEDGE] –∑–∞—Ö–æ–¥–∏–º –≤ not self.tp_active 
[13-08  22:04:27] INFO bot [mode=ORDER] : üõë [OrderMode] cancelled 2771913526240141312
[13-08  22:04:27] DEBUG bot [mode=-] : [PreHEDGE] —ç—Ç–æ—Ç TP –Ω–µ conditional –ª–∏–±–æ –µ–≥–æ –≤–æ–æ–±—â–µ –Ω–µ—Ç => –ø—Ä–æ–ø—É—Å–∫–∞–µ–º –æ—Ç–º–µ–Ω—É
[13-08  22:04:27] INFO bot [mode=ORDER] : ‚úÖ [OrderMode] filled 2771913526240141313, ORDER mode turn off
[13-08  22:04:27] INFO bot [mode=-] : üéØ [PreHEDGE] TP placed @ 0.24457950
[13-08  22:04:27] INFO bot [mode=-] : ‚è≥ [PreHEDGE] waiting for loss ‚â§ ‚àí0.50%
[13-08  22:04:27] DEBUG bot [mode=-] : [PreHEDGE] loss_task alive? True
[13-08  22:04:46] INFO bot [mode=FILL] : ‚ö° [FILL] DOGE-USDT-SWAP: BUY/short closed size=0.05@0.24565
[13-08  22:04:47] INFO bot [mode=ORDER] : ‚Üí ORDER mode , self.hedged = False
[13-08  22:04:47] INFO bot [mode=ORDER] : üîÑ [OrderMode] starting order loop
[13-08  22:04:48] INFO bot [mode=ORDER] : üéØ [OrderMode] placed FOK: BUY 2771914438148939776@0.24366375, SELL 2771914445363142656@0.24858625
[13-08  22:04:58] INFO bot [mode=ORDER] : üïê [OrderMode] no fill after 10.0s, retry
[13-08  22:04:58] INFO bot [mode=ORDER] : üõë [OrderMode] cancelled 2771914438148939776
[13-08  22:04:59] INFO bot [mode=ORDER] : üõë [OrderMode] cancelled 2771914445363142656
[13-08  22:04:59] INFO bot [mode=ORDER] : üîÑ [OrderMode] starting order loop
[13-08  22:05:00] INFO bot [mode=ORDER] : üéØ [OrderMode] placed FOK: BUY 2771914838788857856@0.24207975, SELL 2771914839325728768@0.24697025
[13-08  22:05:06] INFO bot [mode=FILL] : ‚ö° [FILL] DOGE-USDT-SWAP: SELL/short closed size=0.05@0.247
[13-08  22:05:07] INFO bot [mode=ORDER] : üõë [OrderMode] cancelled 2771914838788857856
[13-08  22:05:07] INFO bot [mode=ORDER] : ‚úÖ [OrderMode] filled 2771914839325728768, ORDER mode turn off
[13-08  22:05:42] INFO bot [mode=FILL] : ‚ö° [FILL] DOGE-USDT-SWAP: BUY/short closed size=0.05@0.24415
[13-08  22:05:43] INFO bot [mode=ORDER] : ‚Üí ORDER mode , self.hedged = False
[13-08  22:05:43] INFO bot [mode=ORDER] : üîÑ [OrderMode] starting order loop
[13-08  22:05:45] INFO bot [mode=ORDER] : üéØ [OrderMode] placed FOK: BUY 2771916347496783872@0.24183225, SELL 2771916348134318080@0.24671775
[13-08  22:05:55] INFO bot [mode=ORDER] : üïê [OrderMode] no fill after 10.0s, retry
[13-08  22:05:55] INFO bot [mode=ORDER] : üõë [OrderMode] cancelled 2771916347496783872
[13-08  22:05:56] INFO bot [mode=ORDER] : üõë [OrderMode] cancelled 2771916348134318080
[13-08  22:05:56] INFO bot [mode=ORDER] : üîÑ [OrderMode] starting order loop
[13-08  22:05:57] INFO bot [mode=ORDER] : üéØ [OrderMode] placed FOK: BUY 2771916747801157632@0.24366375, SELL 2771916748103147520@0.24858625
[13-08  22:06:07] INFO bot [mode=ORDER] : üïê [OrderMode] no fill after 10.0s, retry
[13-08  22:06:07] INFO bot [mode=ORDER] : üõë [OrderMode] cancelled 2771916747801157632
[13-08  22:06:07] INFO bot [mode=ORDER] : üõë [OrderMode] cancelled 2771916748103147520
[13-08  22:06:07] INFO bot [mode=ORDER] : üîÑ [OrderMode] starting order loop
[13-08  22:06:09] INFO bot [mode=ORDER] : üéØ [OrderMode] placed FOK: BUY 2771917152601825280@0.243639, SELL 2771917152803151872@0.248561
[13-08  22:06:15] INFO bot [mode=FILL] : ‚ö° [FILL] DOGE-USDT-SWAP: BUY/long closed size=0.05@0.2436
[13-08  22:06:15] INFO bot [mode=ORDER] : üõë [OrderMode] cancelled 2771917152803151872
[13-08  22:06:16] INFO bot [mode=ORDER] : ‚úÖ [OrderMode] filled 2771917152601825280, ORDER mode turn off
[13-08  22:07:18] INFO bot [mode=SHUTDOWN] : Shutdown initiated
[13-08  22:07:18] INFO bot [mode=SHUTDOWN] : Shutdown complete
[13-08  22:22:05] INFO bot [mode=START] : ‚è≤Ô∏è Time offset set to -535 ms
[13-08  22:22:05] INFO bot [mode=START] : üìà Initial snapshot fetched
[13-08  22:22:06] INFO bot [mode=-] : HTTP server started
[13-08  22:22:07] INFO bot [mode=START] : Orchestrator started
[13-08  22:22:07] INFO bot [mode=-] : [REINVEST-LOOP] –≤—Ö–æ–¥ –≤ —Ü–∏–∫–ª, –∂–¥—É tp_filled_evt
[13-08  22:22:08] INFO bot [mode=WS] : ‚úÖ [WS-PUB] subscribed to tickers
[13-08  22:22:08] INFO bot [mode=WS] : ‚úÖ [WS-PRIV] login successful
[13-08  22:22:08] INFO bot [mode=WS] : ‚úÖ [WS-PRIV] subscribed to orders
[13-08  22:22:09] INFO bot [mode=WS] : ‚úÖ [WS-PRIV] subscribed to positions
[13-08  22:22:12] DEBUG bot [mode=-] : üîÑ [TPSL] initial sync pass
[13-08  22:22:15] INFO bot [mode=ORDER] : ‚Üí ORDER mode , self.hedged = False
[13-08  22:22:15] INFO bot [mode=ORDER] : üîÑ [OrderMode] starting order loop
[13-08  22:22:16] INFO bot [mode=ORDER] : üéØ [OrderMode] placed FOK: BUY 2771949620373544960@0.241461, SELL 2771949620541317120@0.246339
[13-08  22:22:26] INFO bot [mode=ORDER] : üïê [OrderMode] no fill after 10.0s, retry
[13-08  22:22:27] INFO bot [mode=ORDER] : üõë [OrderMode] cancelled 2771949620373544960
[13-08  22:22:27] INFO bot [mode=FILL] : ‚ö° [FILL] DOGE-USDT-SWAP: SELL/short closed size=0.05@0.24635
[13-08  22:22:27] ERROR bot [mode=REST] : API error code=1 response={'code': '1', 'data': [{'clOrdId': '', 'ordId': '2771949620541317120', 'sCode': '51400', 'sMsg': 'Order cancellation failed as the order has been filled, canceled or does not exist.', 'ts': '1755112947024'}], 'inTime': '1755112946992344', 'msg': 'All operations failed', 'outTime': '1755112946995311'}
[13-08  22:22:27] ERROR bot [mode=ORDER] : ‚ùå [OrderMode] cancel-order failed for 2771949620541317120: API error 1
Traceback (most recent call last):
  File "d:\Develop\Python\trade_bot\11.9.1\core\order_mode.py", line 26, in cancel_order
    await self.rest.request(
  File "d:\Develop\Python\trade_bot\11.9.1\core\rest_client.py", line 294, in request
    raise RuntimeError(f"API error {code}")
RuntimeError: API error 1
[13-08  22:22:27] INFO bot [mode=ORDER] : üîÑ [OrderMode] starting order loop
[13-08  22:22:27] INFO bot [mode=PREHEDGE] : ‚Üí PRE-HEDGE mode
[13-08  22:22:27] INFO bot [mode=-] : üîÑ [PreHEDGE] –Ω–æ–≤—ã–π –∑–∞–ø—É—Å–∫ tp_watcher
[13-08  22:22:27] INFO bot [mode=-] : üéØ [PreHEDGE] –∑–∞—Ö–æ–¥–∏–º –≤ not self.tp_active 
[13-08  22:22:28] DEBUG bot [mode=-] : [PreHEDGE] —ç—Ç–æ—Ç TP –Ω–µ conditional –ª–∏–±–æ –µ–≥–æ –≤–æ–æ–±—â–µ –Ω–µ—Ç => –ø—Ä–æ–ø—É—Å–∫–∞–µ–º –æ—Ç–º–µ–Ω—É
[13-08  22:22:28] INFO bot [mode=-] : üéØ [PreHEDGE] TP placed @ 0.24388650
[13-08  22:22:28] INFO bot [mode=-] : ‚è≥ [PreHEDGE] waiting for loss ‚â§ ‚àí0.50%
[13-08  22:22:28] DEBUG bot [mode=-] : [PreHEDGE] loss_task alive? True
[13-08  22:23:05] INFO bot [mode=FILL] : ‚ö° [FILL] DOGE-USDT-SWAP: BUY/short closed size=0.05@0.2434
[13-08  22:23:23] ERROR bot [mode=REST] : [TimeoutError] POST https://www.okx.com/api/v5/trade/order, attempt 1/4, sleeping 1.1s before retry
Traceback (most recent call last):
  File "C:\Users\Professional\AppData\Local\Programs\Python\Python312\Lib\site-packages\aiohttp\client_reqrep.py", line 1059, in start
    message, payload = await protocol.read()  # type: ignore[union-attr]
                       ^^^^^^^^^^^^^^^^^^^^^
  File "C:\Users\Professional\AppData\Local\Programs\Python\Python312\Lib\site-packages\aiohttp\streams.py", line 644, in read
    await self._waiter
asyncio.exceptions.CancelledError

The above exception was the direct cause of the following exception:

Traceback (most recent call last):
  File "d:\Develop\Python\trade_bot\11.9.1\core\rest_client.py", line 206, in request
    async with self.session.request(
  File "C:\Users\Professional\AppData\Local\Programs\Python\Python312\Lib\site-packages\aiohttp\client.py", line 1360, in __aenter__
    self._resp: _RetType = await self._coro
                           ^^^^^^^^^^^^^^^^
  File "C:\Users\Professional\AppData\Local\Programs\Python\Python312\Lib\site-packages\aiohttp\client.py", line 690, in _request
    await resp.start(conn)
  File "C:\Users\Professional\AppData\Local\Programs\Python\Python312\Lib\site-packages\aiohttp\client_reqrep.py", line 1054, in start
    with self._timer:
  File "C:\Users\Professional\AppData\Local\Programs\Python\Python312\Lib\site-packages\aiohttp\helpers.py", line 749, in __exit__
    raise asyncio.TimeoutError from exc_val
TimeoutError
[13-08  22:23:23] ERROR bot [mode=REST] : [TimeoutError] GET https://www.okx.com/api/v5/account/positions, attempt 1/4, sleeping 1.1s before retry
Traceback (most recent call last):
  File "C:\Users\Professional\AppData\Local\Programs\Python\Python312\Lib\site-packages\aiohttp\client.py", line 663, in _request
    conn = await self._connector.connect(
           ^^^^^^^^^^^^^^^^^^^^^^^^^^^^^^
  File "C:\Users\Professional\AppData\Local\Programs\Python\Python312\Lib\site-packages\aiohttp\connector.py", line 538, in connect
    proto = await self._create_connection(req, traces, timeout)
            ^^^^^^^^^^^^^^^^^^^^^^^^^^^^^^^^^^^^^^^^^^^^^^^^^^^
  File "C:\Users\Professional\AppData\Local\Programs\Python\Python312\Lib\site-packages\aiohttp\connector.py", line 1050, in _create_connection
    _, proto = await self._create_direct_connection(req, traces, timeout)
               ^^^^^^^^^^^^^^^^^^^^^^^^^^^^^^^^^^^^^^^^^^^^^^^^^^^^^^^^^^
  File "C:\Users\Professional\AppData\Local\Programs\Python\Python312\Lib\site-packages\aiohttp\connector.py", line 1353, in _create_direct_connection
    transp, proto = await self._wrap_create_connection(
                    ^^^^^^^^^^^^^^^^^^^^^^^^^^^^^^^^^^^
  File "C:\Users\Professional\AppData\Local\Programs\Python\Python312\Lib\site-packages\aiohttp\connector.py", line 1109, in _wrap_create_connection
    sock = await aiohappyeyeballs.start_connection(
           ^^^^^^^^^^^^^^^^^^^^^^^^^^^^^^^^^^^^^^^^
  File "C:\Users\Professional\AppData\Local\Programs\Python\Python312\Lib\site-packages\aiohappyeyeballs\impl.py", line 87, in start_connection
    sock, _, _ = await _staggered.staggered_race(
                 ^^^^^^^^^^^^^^^^^^^^^^^^^^^^^^^^
  File "C:\Users\Professional\AppData\Local\Programs\Python\Python312\Lib\site-packages\aiohappyeyeballs\_staggered.py", line 165, in staggered_race
    done = await _wait_one(
           ^^^^^^^^^^^^^^^^
  File "C:\Users\Professional\AppData\Local\Programs\Python\Python312\Lib\site-packages\aiohappyeyeballs\_staggered.py", line 46, in _wait_one
    return await wait_next
           ^^^^^^^^^^^^^^^
asyncio.exceptions.CancelledError

The above exception was the direct cause of the following exception:

Traceback (most recent call last):
  File "d:\Develop\Python\trade_bot\11.9.1\core\rest_client.py", line 206, in request
    async with self.session.request(
  File "C:\Users\Professional\AppData\Local\Programs\Python\Python312\Lib\site-packages\aiohttp\client.py", line 1360, in __aenter__
    self._resp: _RetType = await self._coro
                           ^^^^^^^^^^^^^^^^
  File "C:\Users\Professional\AppData\Local\Programs\Python\Python312\Lib\site-packages\aiohttp\client.py", line 578, in _request
    with timer:
  File "C:\Users\Professional\AppData\Local\Programs\Python\Python312\Lib\site-packages\aiohttp\helpers.py", line 749, in __exit__
    raise asyncio.TimeoutError from exc_val
TimeoutError
[13-08  22:23:25] ERROR bot [mode=REST] : API error code=1 response={'code': '1', 'data': [{'clOrdId': 'SDOGEUSDTSWAP', 'ordId': '', 'sCode': '51016', 'sMsg': 'Client order ID already exists. ', 'tag': '', 'ts': '1755113004544'}], 'inTime': '1755113004512906', 'msg': 'All operations failed', 'outTime': '1755113004516113'}
[13-08  22:23:25] ERROR bot [mode=ORDER] : ‚ùå [OrderMode] place error: API error 1
[13-08  22:23:35] INFO bot [mode=ORDER] : üîÑ [OrderMode] starting order loop
[13-08  22:23:36] INFO bot [mode=ORDER] : üßπ [OrderMode] cancelling pending: ['2771951872010149888', '2771951360237953024']
[13-08  22:23:36] INFO bot [mode=ORDER] : üõë [OrderMode] cancelled 2771951872010149888
[13-08  22:23:36] INFO bot [mode=ORDER] : üõë [OrderMode] cancelled 2771951360237953024
[13-08  22:23:37] INFO bot [mode=ORDER] : üéØ [OrderMode] placed FOK: BUY 2771952326404268032@0.24445575, SELL 2771952326437822464@0.24939425
[13-08  22:23:40] INFO bot [mode=FILL] : ‚ö° [FILL] DOGE-USDT-SWAP: BUY/long closed size=0.05@0.24445
[13-08  22:23:40] INFO bot [mode=ORDER] : üõë [OrderMode] cancelled 2771952326437822464
[13-08  22:23:40] INFO bot [mode=ORDER] : ‚úÖ [OrderMode] filled 2771952326404268032, ORDER mode turn off
[13-08  22:30:16] INFO bot [mode=SHUTDOWN] : Shutdown initiated
[13-08  22:30:16] INFO bot [mode=SHUTDOWN] : Shutdown complete
[13-08  22:30:20] INFO bot [mode=START] : ‚è≤Ô∏è Time offset set to -519 ms
[13-08  22:30:20] INFO bot [mode=START] : üìà Initial snapshot fetched
[13-08  22:30:21] INFO bot [mode=-] : HTTP server started
[13-08  22:30:21] INFO bot [mode=START] : Orchestrator started
[13-08  22:30:21] INFO bot [mode=-] : [REINVEST-LOOP] –≤—Ö–æ–¥ –≤ —Ü–∏–∫–ª, –∂–¥—É tp_filled_evt
[13-08  22:30:22] INFO bot [mode=STARTUP] : Startup detected ONE leg ‚Üí PRE-HEDGE mode
[13-08  22:30:22] INFO bot [mode=WS] : ‚úÖ [WS-PUB] subscribed to tickers
[13-08  22:30:23] INFO bot [mode=WS] : ‚úÖ [WS-PRIV] login successful
[13-08  22:30:24] INFO bot [mode=WS] : ‚úÖ [WS-PRIV] subscribed to orders
[13-08  22:30:24] INFO bot [mode=WS] : ‚úÖ [WS-PRIV] subscribed to positions
[13-08  22:30:25] INFO bot [mode=-] : üîÑ [PreHEDGE] –Ω–æ–≤—ã–π –∑–∞–ø—É—Å–∫ tp_watcher
[13-08  22:30:25] INFO bot [mode=-] : üéØ [PreHEDGE] –∑–∞—Ö–æ–¥–∏–º –≤ not self.tp_active 
[13-08  22:30:25] DEBUG bot [mode=-] : [PreHEDGE] —ç—Ç–æ—Ç TP –Ω–µ conditional –ª–∏–±–æ –µ–≥–æ –≤–æ–æ–±—â–µ –Ω–µ—Ç => –ø—Ä–æ–ø—É—Å–∫–∞–µ–º –æ—Ç–º–µ–Ω—É
[13-08  22:30:25] INFO bot [mode=-] : üéØ [PreHEDGE] TP placed @ 0.24689450
[13-08  22:30:25] INFO bot [mode=-] : ‚è≥ [PreHEDGE] waiting for loss ‚â§ ‚àí0.50%
[13-08  22:30:25] DEBUG bot [mode=-] : [PreHEDGE] loss_task alive? True
[13-08  22:30:26] DEBUG bot [mode=-] : üîÑ [TPSL] initial sync pass
[13-08  22:30:35] INFO bot [mode=-] : üö® [PreHEDGE] loss trigger hit: pnl=-0.0051
[13-08  22:30:35] INFO bot [mode=-] : üö® [PreHEDGE] loss trigger hit ‚Üí starting hedge
[13-08  22:30:35] INFO bot [mode=HEDGE] : ‚ñ∂Ô∏è [HEDGE] run start: WS pos (L,S)=(0.0500,0.0000)
[13-08  22:30:35] INFO bot [mode=HEDGE] : üîß [HEDGE] placing market hedge: side=sell, size=0.1000
[13-08  22:30:35] INFO bot [mode=HEDGE] : üéØ [HEDGE] placed hedge ordId=2771966367155675136
[13-08  22:30:35] DEBUG bot [mode=HEDGE] : [HEDGE] waiting for fill up to +5.0s
[13-08  22:30:35] INFO bot [mode=FILL] : ‚ö° [FILL] DOGE-USDT-SWAP: SELL/short closed size=0.1@0.24525
[13-08  22:30:36] INFO bot [mode=TPSL] : Two positions ‚Üí TPSL mode active
[13-08  22:30:37] INFO bot [mode=FILL] : ‚ö° [FILL] DOGE-USDT-SWAP: SELL/long closed size=0.05@0.24675
[13-08  22:30:37] DEBUG bot [mode=TPSL] : [TPSL] fetched 0 pending algos
[13-08  22:30:37] DEBUG bot [mode=-] : üîç [TPSL] mismatch debug:
  init: api=0.0, expected=0.0, diff=inf%
  hedge: api=0.0, expected=0.48834705, diff=100.0000%
  threshold=5.0000%
[13-08  22:30:37] ERROR bot [mode=-] : ‚ùå [TPSL] loop error: float division by zero
Traceback (most recent call last):
  File "d:\Develop\Python\trade_bot\11.9.1\core\tpsl_monitor.py", line 225, in _loop
    abs(current.get(cid_init, 0)  - tp_init)  / tp_init  > self.threshold
    ~~~~~~~~~~~~~~~~~~~~~~~~~~~~~~~~~~~~~~~~~~^~~~~~~~~
ZeroDivisionError: float division by zero
[13-08  22:30:38] INFO bot [mode=REPREHEDGE] : ‚Üí TPSL ‚Üí PRE-HEDGE RE mode
[13-08  22:30:38] INFO bot [mode=-] : üîÑ [PreHEDGE] –Ω–æ–≤—ã–π –∑–∞–ø—É—Å–∫ tp_watcher
[13-08  22:30:38] INFO bot [mode=-] : üéØ [PreHEDGE] –∑–∞—Ö–æ–¥–∏–º –≤ not self.tp_active 
[13-08  22:30:38] DEBUG bot [mode=-] : [PreHEDGE] —ç—Ç–æ—Ç TP –Ω–µ conditional –ª–∏–±–æ –µ–≥–æ –≤–æ–æ–±—â–µ –Ω–µ—Ç => –ø—Ä–æ–ø—É—Å–∫–∞–µ–º –æ—Ç–º–µ–Ω—É
[13-08  22:30:39] INFO bot [mode=-] : üéØ [PreHEDGE] TP placed @ 0.24279750
[13-08  22:30:39] INFO bot [mode=-] : ‚è≥ [PreHEDGE] waiting for loss ‚â§ ‚àí0.50%
[13-08  22:30:39] DEBUG bot [mode=-] : [PreHEDGE] loss_task alive? False
[13-08  22:30:39] INFO bot [mode=-] : üö® [PreHEDGE] loss trigger hit ‚Üí starting hedge
[13-08  22:30:39] INFO bot [mode=HEDGE] : ‚ñ∂Ô∏è [HEDGE] run start: WS pos (L,S)=(0.0000,0.1000)
[13-08  22:30:39] INFO bot [mode=HEDGE] : üîß [HEDGE] placing market hedge: side=buy, size=0.2000
[13-08  22:30:39] INFO bot [mode=HEDGE] : üéØ [HEDGE] placed hedge ordId=2771966492414369792
[13-08  22:30:39] DEBUG bot [mode=HEDGE] : [HEDGE] waiting for fill up to +5.0s
[13-08  22:30:40] INFO bot [mode=FILL] : ‚ö° [FILL] DOGE-USDT-SWAP: BUY/long closed size=0.02@0.2449
[13-08  22:30:40] INFO bot [mode=TPSL] : Two positions ‚Üí TPSL mode active
[13-08  22:30:44] DEBUG bot [mode=TPSL] : [TPSL] fetched 1 pending algos
[13-08  22:30:44] DEBUG bot [mode=-] : üîç [TPSL] mismatch debug:
  init: api=0.0, expected=0.2427975, diff=100.0000%
  hedge: api=0.0, expected=0.24565532, diff=100.0000%
  threshold=5.0000%
[13-08  22:30:44] INFO bot [mode=-] : üõ†Ô∏è [TPSL] mismatch detected ‚Üí reinstall all algos
[13-08  22:30:44] DEBUG bot [mode=-] : üîÑ [TPSL] reinstall_all ‚Üí init(short)=0.1@0.24525, hedge(long)=0.2@0.2448875, tp_init=0.2427975, tp_hedge=0.24565532
[13-08  22:30:44] INFO bot [mode=-] : üßπ [TPSL] cancelled algos: [{'instId': 'DOGE-USDT-SWAP', 'algoId': '2771966480412135424'}]
[13-08  22:30:45] INFO bot [mode=-] : üéØ [TPSL] placed OCO(SDOGEUSDTSWAP) @ 0.2427975
[13-08  22:30:45] INFO bot [mode=FILL] : ‚ö° [FILL] DOGE-USDT-SWAP: BUY/short closed size=0.1@0.24625
[13-08  22:30:45] DEBUG bot [mode=-] : [TPSL-DEBUG] is_tp=True entry_side=short side=BUY
[13-08  22:30:45] INFO bot [mode=-] : [REINVEST-SIGNAL] tp_filled_evt.set() fired, fill_px=0.24625
[13-08  22:30:45] INFO bot [mode=-] : [REINVEST-LOOP] –≤—Ö–æ–¥ –≤ —Ü–∏–∫–ª, –∂–¥—É tp_filled_evt
[13-08  22:30:46] INFO bot [mode=REPREHEDGE] : ‚Üí TPSL ‚Üí PRE-HEDGE RE mode
[13-08  22:30:46] INFO bot [mode=-] : üîÑ [PreHEDGE] –Ω–æ–≤—ã–π –∑–∞–ø—É—Å–∫ tp_watcher
[13-08  22:30:46] INFO bot [mode=-] : üéØ [PreHEDGE] –∑–∞—Ö–æ–¥–∏–º –≤ not self.tp_active 
[13-08  22:30:46] ERROR bot [mode=REST] : API error code=1 response={'code': '1', 'data': [{'algoClOrdId': '', 'algoId': '', 'clOrdId': '', 'sCode': '51279', 'sMsg': 'TP trigger price cannot be lower than the last price ', 'tag': ''}], 'msg': ''}
[13-08  22:30:46] ERROR bot [mode=-] : ‚ùå [TPSL] conditional failed for LDOGEUSDTSWAP: API error 1
[13-08  22:30:46] DEBUG bot [mode=-] : [PreHEDGE] —ç—Ç–æ—Ç TP –Ω–µ conditional –ª–∏–±–æ –µ–≥–æ –≤–æ–æ–±—â–µ –Ω–µ—Ç => –ø—Ä–æ–ø—É—Å–∫–∞–µ–º –æ—Ç–º–µ–Ω—É
[13-08  22:30:47] INFO bot [mode=-] : üéØ [PreHEDGE] TP placed @ 0.24733638
[13-08  22:30:47] INFO bot [mode=-] : ‚è≥ [PreHEDGE] waiting for loss ‚â§ ‚àí0.50%
[13-08  22:30:47] DEBUG bot [mode=-] : [PreHEDGE] loss_task alive? False
[13-08  22:30:47] INFO bot [mode=-] : üö® [PreHEDGE] loss trigger hit ‚Üí starting hedge
[13-08  22:30:47] INFO bot [mode=HEDGE] : ‚ñ∂Ô∏è [HEDGE] run start: WS pos (L,S)=(0.2000,0.0000)
[13-08  22:30:47] INFO bot [mode=HEDGE] : üîß [HEDGE] placing market hedge: side=sell, size=0.4000
[13-08  22:30:47] INFO bot [mode=HEDGE] : üéØ [HEDGE] placed hedge ordId=2771966766520524800
[13-08  22:30:47] DEBUG bot [mode=HEDGE] : [HEDGE] waiting for fill up to +5.0s
[13-08  22:30:48] INFO bot [mode=FILL] : ‚ö° [FILL] DOGE-USDT-SWAP: SELL/short closed size=0.4@0.24575
[13-08  22:30:49] DEBUG bot [mode=HEDGE] : [HEDGE] WS(L,S)=(0.2000,0.4000), REST(L,S)=(0.2000,0.4000)
[13-08  22:30:49] INFO bot [mode=HEDGE] : ‚úÖ [HEDGE] hedge confirmed
[13-08  22:30:49] INFO bot [mode=HEDGE] : ‚Üí HEDGE.run() done, –∏–¥–µ–º –≤ TPSL
[13-08  22:30:49] INFO bot [mode=TPSL] : Two positions ‚Üí TPSL mode active
[13-08  22:30:53] DEBUG bot [mode=TPSL] : [TPSL] fetched 1 pending algos
[13-08  22:30:53] DEBUG bot [mode=-] : üîç [TPSL] mismatch debug:
  init: api=0.0, expected=0.24733637, diff=100.0000%
  hedge: api=0.0, expected=0.2456043, diff=100.0000%
  threshold=5.0000%
[13-08  22:30:53] INFO bot [mode=-] : üõ†Ô∏è [TPSL] mismatch detected ‚Üí reinstall all algos
[13-08  22:30:53] DEBUG bot [mode=-] : üîÑ [TPSL] reinstall_all ‚Üí init(long)=0.2@0.2448875, hedge(short)=0.4@0.24575, tp_init=0.24733637, tp_hedge=0.2456043
[13-08  22:30:53] INFO bot [mode=-] : üßπ [TPSL] cancelled algos: [{'instId': 'DOGE-USDT-SWAP', 'algoId': '2771966736835104768'}]
[13-08  22:30:55] INFO bot [mode=-] : üéØ [TPSL] placed OCO(LDOGEUSDTSWAP) @ 0.24733637
[13-08  22:30:55] INFO bot [mode=-] : üéØ [TPSL] placed Conditional(SDOGEUSDTSWAP) @ 0.2456043
[13-08  22:31:01] INFO bot [mode=FILL] : ‚ö° [FILL] DOGE-USDT-SWAP: BUY/short closed size=0.37@0.24695
[13-08  22:31:01] INFO bot [mode=FILL] : ‚ö° [FILL] DOGE-USDT-SWAP: SELL/long closed size=0.03@0.24655
[13-08  22:31:01] DEBUG bot [mode=-] : [TPSL-DEBUG] is_tp=True entry_side=long side=SELL
[13-08  22:31:01] INFO bot [mode=-] : [REINVEST-SIGNAL] tp_filled_evt.set() fired, fill_px=0.24655
[13-08  22:31:01] INFO bot [mode=REINVEST] : [REINVEST] realized=0.00033250 * percent = 1.0 -> use=0.000332500
[13-08  22:31:01] INFO bot [mode=-] : [REINVEST] close_qty <= min_lot, –ø—Ä–æ–ø—É—Å–∫
[13-08  22:31:01] INFO bot [mode=REINVEST] : [REINVEST] realized=0.00033250 * percent = 1.0 -> use=0.000332500
[13-08  22:31:01] INFO bot [mode=-] : [REINVEST] close_qty <= min_lot, –ø—Ä–æ–ø—É—Å–∫
[13-08  22:31:01] INFO bot [mode=-] : [REINVEST-LOOP] –≤—Ö–æ–¥ –≤ —Ü–∏–∫–ª, –∂–¥—É tp_filled_evt
[13-08  22:31:02] INFO bot [mode=ORCHESTRATOR] : ‚Üí All legs closed ‚Üí back to ORDER mode
[13-08  22:31:02] INFO bot [mode=ORDER] : ‚Üí ORDER mode , self.hedged = False
[13-08  22:31:02] INFO bot [mode=ORDER] : üîÑ [OrderMode] starting order loop
[13-08  22:31:03] INFO bot [mode=ORDER] : üéØ [OrderMode] placed FOK: BUY 2771967298526044160@0.24430725, SELL 2771967299599785984@0.24924275
[13-08  22:31:05] INFO bot [mode=FILL] : ‚ö° [FILL] DOGE-USDT-SWAP: BUY/long closed size=0.05@0.2443
[13-08  22:31:05] INFO bot [mode=ORDER] : üõë [OrderMode] cancelled 2771967299599785984
[13-08  22:31:06] INFO bot [mode=PREHEDGE] : ‚Üí PRE-HEDGE mode
[13-08  22:31:06] INFO bot [mode=-] : üîÑ [PreHEDGE] –Ω–æ–≤—ã–π –∑–∞–ø—É—Å–∫ tp_watcher
[13-08  22:31:06] INFO bot [mode=-] : üéØ [PreHEDGE] –∑–∞—Ö–æ–¥–∏–º –≤ not self.tp_active 
[13-08  22:31:06] DEBUG bot [mode=-] : [PreHEDGE] —ç—Ç–æ—Ç TP –Ω–µ conditional –ª–∏–±–æ –µ–≥–æ –≤–æ–æ–±—â–µ –Ω–µ—Ç => –ø—Ä–æ–ø—É—Å–∫–∞–µ–º –æ—Ç–º–µ–Ω—É
[13-08  22:31:07] INFO bot [mode=ORDER] : ‚úÖ [OrderMode] filled 2771967298526044160, ORDER mode turn off
[13-08  22:31:08] INFO bot [mode=-] : üéØ [PreHEDGE] TP placed @ 0.24674300
[13-08  22:31:08] INFO bot [mode=-] : ‚è≥ [PreHEDGE] waiting for loss ‚â§ ‚àí0.50%
[13-08  22:31:08] DEBUG bot [mode=-] : [PreHEDGE] loss_task alive? False
[13-08  22:31:08] INFO bot [mode=-] : üö® [PreHEDGE] loss trigger hit ‚Üí starting hedge
[13-08  22:31:08] INFO bot [mode=HEDGE] : ‚ñ∂Ô∏è [HEDGE] run start: WS pos (L,S)=(0.0500,0.0000)
[13-08  22:31:08] INFO bot [mode=HEDGE] : üîß [HEDGE] placing market hedge: side=sell, size=0.1000
[13-08  22:31:08] INFO bot [mode=HEDGE] : üéØ [HEDGE] placed hedge ordId=2771967466298204160
[13-08  22:31:08] DEBUG bot [mode=HEDGE] : [HEDGE] waiting for fill up to +5.0s
[13-08  22:31:08] INFO bot [mode=FILL] : ‚ö° [FILL] DOGE-USDT-SWAP: SELL/short closed size=0.1@0.2437
[13-08  22:31:09] INFO bot [mode=TPSL] : Two positions ‚Üí TPSL mode active
[13-08  22:31:31] INFO bot [mode=FILL] : ‚ö° [FILL] DOGE-USDT-SWAP: SELL/long closed size=0.05@0.2465
[13-08  22:31:32] INFO bot [mode=REPREHEDGE] : ‚Üí TPSL ‚Üí PRE-HEDGE RE mode
[13-08  22:31:32] INFO bot [mode=-] : üîÑ [PreHEDGE] –Ω–æ–≤—ã–π –∑–∞–ø—É—Å–∫ tp_watcher
[13-08  22:31:32] INFO bot [mode=-] : üéØ [PreHEDGE] –∑–∞—Ö–æ–¥–∏–º –≤ not self.tp_active 
[13-08  22:31:32] DEBUG bot [mode=-] : [PreHEDGE] —ç—Ç–æ—Ç TP –Ω–µ conditional –ª–∏–±–æ –µ–≥–æ –≤–æ–æ–±—â–µ –Ω–µ—Ç => –ø—Ä–æ–ø—É—Å–∫–∞–µ–º –æ—Ç–º–µ–Ω—É
[13-08  22:31:33] INFO bot [mode=-] : üéØ [PreHEDGE] TP placed @ 0.24126300
[13-08  22:31:33] INFO bot [mode=-] : ‚è≥ [PreHEDGE] waiting for loss ‚â§ ‚àí0.50%
[13-08  22:31:33] DEBUG bot [mode=-] : [PreHEDGE] loss_task alive? False
[13-08  22:31:33] INFO bot [mode=-] : üö® [PreHEDGE] loss trigger hit ‚Üí starting hedge
[13-08  22:31:33] INFO bot [mode=HEDGE] : ‚ñ∂Ô∏è [HEDGE] run start: WS pos (L,S)=(0.0000,0.1000)
[13-08  22:31:33] INFO bot [mode=HEDGE] : üîß [HEDGE] placing market hedge: side=buy, size=0.2000
[13-08  22:31:33] INFO bot [mode=HEDGE] : üéØ [HEDGE] placed hedge ordId=2771968313413394432
[13-08  22:31:33] DEBUG bot [mode=HEDGE] : [HEDGE] waiting for fill up to +5.0s
[13-08  22:31:33] INFO bot [mode=FILL] : ‚ö° [FILL] DOGE-USDT-SWAP: BUY/long closed size=0.2@0.2474
[13-08  22:31:34] INFO bot [mode=TPSL] : Two positions ‚Üí TPSL mode active
[13-08  22:32:45] INFO bot [mode=SHUTDOWN] : Shutdown initiated
[13-08  22:32:45] INFO bot [mode=SHUTDOWN] : Shutdown complete
[13-08  22:32:58] WARNING bot [mode=REST] :   ‚ö† Time sync attempt #1 timed out
[13-08  22:33:03] INFO bot [mode=MAIN] : üëã Bot stopped by user
[13-08  22:33:08] INFO bot [mode=START] : ‚è≤Ô∏è Time offset set to -999 ms
[13-08  22:33:09] INFO bot [mode=START] : üìà Initial snapshot fetched
[13-08  22:33:09] INFO bot [mode=-] : HTTP server started
[13-08  22:33:10] INFO bot [mode=START] : Orchestrator started
[13-08  22:33:10] INFO bot [mode=-] : [REINVEST-LOOP] –≤—Ö–æ–¥ –≤ —Ü–∏–∫–ª, –∂–¥—É tp_filled_evt
[13-08  22:33:10] INFO bot [mode=STARTUP] : Startup detected TWO legs ‚Üí enter TPSL mode
[13-08  22:33:10] INFO bot [mode=WS] : ‚úÖ [WS-PRIV] login successful
[13-08  22:33:11] INFO bot [mode=WS] : ‚úÖ [WS-PRIV] subscribed to orders
[13-08  22:33:11] INFO bot [mode=WS] : ‚úÖ [WS-PUB] subscribed to tickers
[13-08  22:33:11] INFO bot [mode=WS] : ‚úÖ [WS-PRIV] subscribed to positions
[13-08  22:33:14] DEBUG bot [mode=-] : üîÑ [TPSL] reinstall_all ‚Üí init(short)=0.1@0.2437, hedge(long)=0.2@0.2474, tp_init=0.241263, tp_hedge=0.25225092
[13-08  22:33:14] INFO bot [mode=-] : üßπ [TPSL] cancelled algos: [{'instId': 'DOGE-USDT-SWAP', 'algoId': '2771968296948420608'}]
[13-08  22:33:15] INFO bot [mode=-] : üéØ [TPSL] placed OCO(SDOGEUSDTSWAP) @ 0.241263
[13-08  22:33:15] DEBUG bot [mode=-] : üîÑ [TPSL] initial sync pass
[13-08  22:33:15] INFO bot [mode=-] : üéØ [TPSL] placed Conditional(LDOGEUSDTSWAP) @ 0.25225092
[13-08  22:33:21] DEBUG bot [mode=TPSL] : [TPSL] fetched 2 pending algos
[13-08  22:33:21] DEBUG bot [mode=-] : üîç [TPSL] mismatch debug:
  init: api=0.24126, expected=0.241263, diff=0.0012%
  hedge: api=0.25225, expected=0.25225092, diff=0.0004%
  threshold=5.0000%
[13-08  22:33:27] DEBUG bot [mode=TPSL] : [TPSL] fetched 2 pending algos
[13-08  22:33:27] DEBUG bot [mode=-] : üîç [TPSL] mismatch debug:
  init: api=0.24126, expected=0.241263, diff=0.0012%
  hedge: api=0.25225, expected=0.25225092, diff=0.0004%
  threshold=5.0000%
[13-08  22:33:32] DEBUG bot [mode=TPSL] : [TPSL] fetched 2 pending algos
[13-08  22:33:32] DEBUG bot [mode=-] : üîç [TPSL] mismatch debug:
  init: api=0.24126, expected=0.241263, diff=0.0012%
  hedge: api=0.25225, expected=0.25225092, diff=0.0004%
  threshold=5.0000%
[13-08  22:33:38] DEBUG bot [mode=TPSL] : [TPSL] fetched 2 pending algos
[13-08  22:33:38] DEBUG bot [mode=-] : üîç [TPSL] mismatch debug:
  init: api=0.24126, expected=0.241263, diff=0.0012%
  hedge: api=0.25225, expected=0.25225092, diff=0.0004%
  threshold=5.0000%
[13-08  22:33:45] DEBUG bot [mode=TPSL] : [TPSL] fetched 2 pending algos
[13-08  22:33:45] DEBUG bot [mode=-] : üîç [TPSL] mismatch debug:
  init: api=0.24126, expected=0.241263, diff=0.0012%
  hedge: api=0.25225, expected=0.25225092, diff=0.0004%
  threshold=5.0000%
[13-08  22:33:51] DEBUG bot [mode=TPSL] : [TPSL] fetched 2 pending algos
[13-08  22:33:51] DEBUG bot [mode=-] : üîç [TPSL] mismatch debug:
  init: api=0.24126, expected=0.241263, diff=0.0012%
  hedge: api=0.25225, expected=0.25225092, diff=0.0004%
  threshold=5.0000%
[13-08  22:33:57] DEBUG bot [mode=TPSL] : [TPSL] fetched 2 pending algos
[13-08  22:33:57] DEBUG bot [mode=-] : üîç [TPSL] mismatch debug:
  init: api=0.24126, expected=0.241263, diff=0.0012%
  hedge: api=0.25225, expected=0.25225092, diff=0.0004%
  threshold=5.0000%
[13-08  22:34:03] DEBUG bot [mode=TPSL] : [TPSL] fetched 2 pending algos
[13-08  22:34:03] DEBUG bot [mode=-] : üîç [TPSL] mismatch debug:
  init: api=0.24126, expected=0.241263, diff=0.0012%
  hedge: api=0.25225, expected=0.25225092, diff=0.0004%
  threshold=5.0000%
[13-08  22:34:09] DEBUG bot [mode=TPSL] : [TPSL] fetched 2 pending algos
[13-08  22:34:09] DEBUG bot [mode=-] : üîç [TPSL] mismatch debug:
  init: api=0.24126, expected=0.241263, diff=0.0012%
  hedge: api=0.25225, expected=0.25225092, diff=0.0004%
  threshold=5.0000%
[13-08  22:34:15] DEBUG bot [mode=TPSL] : [TPSL] fetched 2 pending algos
[13-08  22:34:15] DEBUG bot [mode=-] : üîç [TPSL] mismatch debug:
  init: api=0.24126, expected=0.241263, diff=0.0012%
  hedge: api=0.25225, expected=0.25225092, diff=0.0004%
  threshold=5.0000%
[13-08  22:34:21] DEBUG bot [mode=TPSL] : [TPSL] fetched 2 pending algos
[13-08  22:34:21] DEBUG bot [mode=-] : üîç [TPSL] mismatch debug:
  init: api=0.24126, expected=0.241263, diff=0.0012%
  hedge: api=0.25225, expected=0.25225092, diff=0.0004%
  threshold=5.0000%
[13-08  22:34:27] DEBUG bot [mode=TPSL] : [TPSL] fetched 2 pending algos
[13-08  22:34:27] DEBUG bot [mode=-] : üîç [TPSL] mismatch debug:
  init: api=0.24126, expected=0.241263, diff=0.0012%
  hedge: api=0.25225, expected=0.25225092, diff=0.0004%
  threshold=5.0000%
[13-08  22:34:33] DEBUG bot [mode=TPSL] : [TPSL] fetched 2 pending algos
[13-08  22:34:33] DEBUG bot [mode=-] : üîç [TPSL] mismatch debug:
  init: api=0.24126, expected=0.241263, diff=0.0012%
  hedge: api=0.25225, expected=0.25225092, diff=0.0004%
  threshold=5.0000%
[13-08  22:34:38] DEBUG bot [mode=TPSL] : [TPSL] fetched 2 pending algos
[13-08  22:34:38] DEBUG bot [mode=-] : üîç [TPSL] mismatch debug:
  init: api=0.24126, expected=0.241263, diff=0.0012%
  hedge: api=0.25225, expected=0.25225092, diff=0.0004%
  threshold=5.0000%
[13-08  22:34:44] DEBUG bot [mode=TPSL] : [TPSL] fetched 2 pending algos
[13-08  22:34:44] DEBUG bot [mode=-] : üîç [TPSL] mismatch debug:
  init: api=0.24126, expected=0.241263, diff=0.0012%
  hedge: api=0.25225, expected=0.25225092, diff=0.0004%
  threshold=5.0000%
[13-08  22:34:50] DEBUG bot [mode=TPSL] : [TPSL] fetched 2 pending algos
[13-08  22:34:50] DEBUG bot [mode=-] : üîç [TPSL] mismatch debug:
  init: api=0.24126, expected=0.241263, diff=0.0012%
  hedge: api=0.25225, expected=0.25225092, diff=0.0004%
  threshold=5.0000%
[13-08  22:34:54] INFO bot [mode=SHUTDOWN] : Shutdown initiated
[13-08  22:34:54] INFO bot [mode=SHUTDOWN] : Shutdown complete
[13-08  22:46:55] WARNING bot [mode=REST] :   ‚ö† Time sync attempt #1 timed out
[13-08  22:46:59] INFO bot [mode=MAIN] : üëã Bot stopped by user
[13-08  22:47:03] INFO bot [mode=START] : ‚è≤Ô∏è Time offset set to -543 ms
[13-08  22:47:03] INFO bot [mode=START] : üìà Initial snapshot fetched
[13-08  22:47:04] INFO bot [mode=-] : HTTP server started
[13-08  22:47:04] INFO bot [mode=START] : Orchestrator started
[13-08  22:47:04] INFO bot [mode=-] : [REINVEST-LOOP] –≤—Ö–æ–¥ –≤ —Ü–∏–∫–ª, –∂–¥—É tp_filled_evt
[13-08  22:47:05] INFO bot [mode=WS] : ‚úÖ [WS-PUB] subscribed to tickers
[13-08  22:47:05] INFO bot [mode=WS] : ‚úÖ [WS-PRIV] login successful
[13-08  22:47:06] INFO bot [mode=WS] : ‚úÖ [WS-PRIV] subscribed to orders
[13-08  22:47:06] INFO bot [mode=WS] : ‚úÖ [WS-PRIV] subscribed to positions
[13-08  22:47:09] DEBUG bot [mode=-] : üîÑ [TPSL] initial sync pass
[13-08  22:47:13] INFO bot [mode=ORDER] : ‚Üí ORDER mode , self.hedged = False
[13-08  22:47:13] INFO bot [mode=ORDER] : üîÑ [OrderMode] starting order loop
[13-08  22:47:14] INFO bot [mode=ORDER] : üéØ [OrderMode] placed FOK: BUY 2771999891657121792@0.243342, SELL 2771999890549825536@0.248258
[13-08  22:47:25] INFO bot [mode=ORDER] : üïê [OrderMode] no fill after 10.0s, retry
[13-08  22:47:25] INFO bot [mode=ORDER] : üõë [OrderMode] cancelled 2771999891657121792
[13-08  22:47:25] INFO bot [mode=ORDER] : üõë [OrderMode] cancelled 2771999890549825536
[13-08  22:47:25] INFO bot [mode=ORDER] : üîÑ [OrderMode] starting order loop
[13-08  22:47:26] INFO bot [mode=ORDER] : üéØ [OrderMode] placed FOK: BUY 2772000288706715648@0.24425775, SELL 2772000289210032128@0.24919225
[13-08  22:47:36] INFO bot [mode=ORDER] : üïê [OrderMode] no fill after 10.0s, retry
[13-08  22:47:37] INFO bot [mode=ORDER] : üõë [OrderMode] cancelled 2772000288706715648
[13-08  22:47:37] INFO bot [mode=ORDER] : üõë [OrderMode] cancelled 2772000289210032128
[13-08  22:47:37] INFO bot [mode=ORDER] : üîÑ [OrderMode] starting order loop
[13-08  22:47:38] INFO bot [mode=ORDER] : üéØ [OrderMode] placed FOK: BUY 2772000686595170304@0.24613875, SELL 2772000686561615872@0.25111125
[13-08  22:47:41] INFO bot [mode=FILL] : ‚ö° [FILL] DOGE-USDT-SWAP: BUY/long closed size=0.05@0.2461
[13-08  22:47:42] INFO bot [mode=ORDER] : üõë [OrderMode] cancelled 2772000686561615872
[13-08  22:47:42] INFO bot [mode=ORDER] : ‚úÖ [OrderMode] filled 2772000686595170304, ORDER mode turn off
[13-08  22:47:42] INFO bot [mode=PREHEDGE] : ‚Üí PRE-HEDGE mode
[13-08  22:47:42] INFO bot [mode=-] : üîÑ [PreHEDGE] –Ω–æ–≤—ã–π –∑–∞–ø—É—Å–∫ tp_watcher
[13-08  22:47:42] INFO bot [mode=-] : üéØ [PreHEDGE] –∑–∞—Ö–æ–¥–∏–º –≤ not self.tp_active 
[13-08  22:47:43] DEBUG bot [mode=-] : [PreHEDGE] —ç—Ç–æ—Ç TP –Ω–µ conditional –ª–∏–±–æ –µ–≥–æ –≤–æ–æ–±—â–µ –Ω–µ—Ç => –ø—Ä–æ–ø—É—Å–∫–∞–µ–º –æ—Ç–º–µ–Ω—É
[13-08  22:47:43] INFO bot [mode=-] : üö® [PreHEDGE] loss trigger hit: pnl=-0.0115
[13-08  22:47:43] INFO bot [mode=-] : üéØ [PreHEDGE] TP placed @ 0.24856100
[13-08  22:47:43] INFO bot [mode=-] : ‚è≥ [PreHEDGE] waiting for loss ‚â§ ‚àí0.50%
[13-08  22:47:43] DEBUG bot [mode=-] : [PreHEDGE] loss_task alive? False
[13-08  22:47:43] INFO bot [mode=-] : üö® [PreHEDGE] loss trigger hit ‚Üí starting hedge
[13-08  22:47:43] INFO bot [mode=HEDGE] : ‚ñ∂Ô∏è [HEDGE] run start: WS pos (L,S)=(0.0500,0.0000)
[13-08  22:47:43] INFO bot [mode=HEDGE] : üîß [HEDGE] placing market hedge: side=sell, size=0.1000
[13-08  22:47:43] INFO bot [mode=HEDGE] : üéØ [HEDGE] placed hedge ordId=2772000865574510592
[13-08  22:47:43] DEBUG bot [mode=HEDGE] : [HEDGE] waiting for fill up to +5.0s
[13-08  22:47:44] INFO bot [mode=FILL] : ‚ö° [FILL] DOGE-USDT-SWAP: SELL/short closed size=0.1@0.2444
[13-08  22:47:44] INFO bot [mode=TPSL] : Two positions ‚Üí TPSL mode active
[13-08  22:47:52] WARNING bot [mode=TPSL] : [TPSL] fetch_pending_algos timed out after 5.0s
[13-08  22:48:03] WARNING bot [mode=TPSL] : [TPSL] fetch_pending_algos timed out after 5.0s
[13-08  22:48:10] INFO bot [mode=-] : üõ†Ô∏è [TPSL] mismatch detected ‚Üí reinstall all algos
[13-08  22:48:10] DEBUG bot [mode=-] : üîÑ [TPSL] reinstall_all ‚Üí init(long)=0.05@0.2461, hedge(short)=0.1@0.2444, tp_init=0.248561, tp_hedge=0.24134052
[13-08  22:48:10] INFO bot [mode=-] : üßπ [TPSL] cancelled algos: [{'instId': 'DOGE-USDT-SWAP', 'algoId': '2772000854713126912'}]
[13-08  22:48:11] INFO bot [mode=-] : üéØ [TPSL] placed OCO(LDOGEUSDTSWAP) @ 0.248561
[13-08  22:48:11] INFO bot [mode=-] : üéØ [TPSL] placed Conditional(SDOGEUSDTSWAP) @ 0.24134052
[13-08  22:49:06] INFO bot [mode=REST] : Time offset updated -543 ‚Üí -7569 ms
[13-08  22:49:26] WARNING bot [mode=REST] :   ‚ö† Time sync attempt #1 timed out
[13-08  22:49:27] INFO bot [mode=REST] : Time offset updated -7569 ‚Üí -538 ms
[13-08  22:50:12] INFO bot [mode=REST] : Time offset updated -538 ‚Üí -3832 ms
[13-08  22:50:22] INFO bot [mode=REST] : Time offset updated -3832 ‚Üí -559 ms
[13-08  22:52:14] WARNING bot [mode=TPSL] : [TPSL] fetch_pending_algos timed out after 5.0s
[13-08  22:52:49] WARNING bot [mode=TPSL] : [TPSL] fetch_pending_algos timed out after 5.0s
[13-08  22:53:00] WARNING bot [mode=TPSL] : [TPSL] fetch_pending_algos timed out after 5.0s
[13-08  22:53:10] WARNING bot [mode=TPSL] : [TPSL] fetch_pending_algos timed out after 5.0s
[13-08  22:53:24] INFO bot [mode=REST] : Time offset updated -559 ‚Üí -4378 ms
[13-08  22:53:34] INFO bot [mode=REST] : Time offset updated -4378 ‚Üí -698 ms
[13-08  22:54:33] INFO bot [mode=FILL] : ‚ö° [FILL] DOGE-USDT-SWAP: SELL/long closed size=0.05@0.24935
[13-08  22:54:33] DEBUG bot [mode=-] : [TPSL-DEBUG] is_tp=True entry_side=long side=SELL
[13-08  22:54:33] INFO bot [mode=-] : [REINVEST-SIGNAL] tp_filled_evt.set() fired, fill_px=0.24935
[13-08  22:54:33] INFO bot [mode=REINVEST] : [REINVEST] realized=0.0001625 * percent = 1.0 -> use=0.00016250
[13-08  22:54:33] INFO bot [mode=-] : [REINVEST] close_qty <= min_lot, –ø—Ä–æ–ø—É—Å–∫
[13-08  22:54:33] INFO bot [mode=REINVEST] : [REINVEST] realized=0.0001625 * percent = 1.0 -> use=0.00016250
[13-08  22:54:33] INFO bot [mode=-] : [REINVEST] close_qty <= min_lot, –ø—Ä–æ–ø—É—Å–∫
[13-08  22:54:33] INFO bot [mode=-] : [REINVEST-LOOP] –≤—Ö–æ–¥ –≤ —Ü–∏–∫–ª, –∂–¥—É tp_filled_evt
[13-08  22:54:33] INFO bot [mode=REPREHEDGE] : ‚Üí TPSL ‚Üí PRE-HEDGE RE mode
[13-08  22:54:33] INFO bot [mode=-] : üîÑ [PreHEDGE] –Ω–æ–≤—ã–π –∑–∞–ø—É—Å–∫ tp_watcher
[13-08  22:54:33] INFO bot [mode=-] : üéØ [PreHEDGE] –∑–∞—Ö–æ–¥–∏–º –≤ not self.tp_active 
[13-08  22:54:35] INFO bot [mode=-] : üéØ [PreHEDGE] TP placed @ 0.24195600
[13-08  22:54:35] INFO bot [mode=-] : ‚è≥ [PreHEDGE] waiting for loss ‚â§ ‚àí0.50%
[13-08  22:54:35] DEBUG bot [mode=-] : [PreHEDGE] loss_task alive? False
[13-08  22:54:35] INFO bot [mode=-] : üö® [PreHEDGE] loss trigger hit ‚Üí starting hedge
[13-08  22:54:35] INFO bot [mode=HEDGE] : ‚ñ∂Ô∏è [HEDGE] run start: WS pos (L,S)=(0.0000,0.1000)
[13-08  22:54:35] INFO bot [mode=HEDGE] : üîß [HEDGE] placing market hedge: side=buy, size=0.2000
[13-08  22:54:35] INFO bot [mode=HEDGE] : üéØ [HEDGE] placed hedge ordId=2772014688188555264
[13-08  22:54:35] DEBUG bot [mode=HEDGE] : [HEDGE] waiting for fill up to +5.0s
[13-08  22:54:36] INFO bot [mode=FILL] : ‚ö° [FILL] DOGE-USDT-SWAP: BUY/long closed size=0.2@0.24945
[13-08  22:54:37] DEBUG bot [mode=HEDGE] : [HEDGE] WS(L,S)=(0.2000,0.1000), REST(L,S)=(0.2000,0.1000)
[13-08  22:54:37] INFO bot [mode=HEDGE] : ‚úÖ [HEDGE] hedge confirmed
[13-08  22:54:37] INFO bot [mode=HEDGE] : ‚Üí HEDGE.run() done, –∏–¥–µ–º –≤ TPSL
[13-08  22:54:37] INFO bot [mode=TPSL] : Two positions ‚Üí TPSL mode active
[13-08  22:55:00] INFO bot [mode=REST] : Time offset updated -698 ‚Üí -2178 ms
[13-08  22:55:10] INFO bot [mode=REST] : Time offset updated -2178 ‚Üí -553 ms
[13-08  23:00:08] INFO bot [mode=REST] : Time offset updated -553 ‚Üí -4750 ms
[13-08  23:00:19] INFO bot [mode=REST] : Time offset updated -4750 ‚Üí -715 ms
[13-08  23:02:33] WARNING bot [mode=REST] :   ‚ö† Time sync attempt #1 timed out
[13-08  23:02:55] INFO bot [mode=SHUTDOWN] : Shutdown initiated
[13-08  23:02:55] INFO bot [mode=SHUTDOWN] : Shutdown complete
[13-08  23:03:02] INFO bot [mode=START] : ‚è≤Ô∏è Time offset set to -551 ms
[13-08  23:03:02] INFO bot [mode=START] : üìà Initial snapshot fetched
[13-08  23:03:03] INFO bot [mode=-] : HTTP server started
[13-08  23:03:03] INFO bot [mode=START] : Orchestrator started
[13-08  23:03:03] INFO bot [mode=-] : [REINVEST-LOOP] –≤—Ö–æ–¥ –≤ —Ü–∏–∫–ª, –∂–¥—É tp_filled_evt
[13-08  23:03:04] INFO bot [mode=STARTUP] : Startup detected TWO legs ‚Üí enter TPSL mode
[13-08  23:03:04] INFO bot [mode=WS] : ‚úÖ [WS-PRIV] login successful
[13-08  23:03:04] INFO bot [mode=WS] : ‚úÖ [WS-PRIV] subscribed to orders
[13-08  23:03:05] INFO bot [mode=WS] : ‚úÖ [WS-PUB] subscribed to tickers
[13-08  23:03:05] INFO bot [mode=WS] : ‚úÖ [WS-PRIV] subscribed to positions
[13-08  23:03:07] DEBUG bot [mode=-] : üîÑ [TPSL] reinstall_all ‚Üí init(short)=0.1@0.2444, hedge(long)=0.2@0.24945, tp_init=0.241956, tp_hedge=0.25566337
[13-08  23:03:08] DEBUG bot [mode=-] : üîÑ [TPSL] initial sync pass
[13-08  23:03:12] WARNING bot [mode=TPSL] : [TPSL] When cleaning algo orders fetch_pending_algos timed out after 5.0s
[13-08  23:03:13] WARNING bot [mode=REST] : [REST] swallow code=1, sCode=['51088'] on POST /api/v5/trade/order-algo
[13-08  23:03:13] INFO bot [mode=-] : üéØ [TPSL] placed OCO(SDOGEUSDTSWAP) @ 0.241956
[13-08  23:03:13] INFO bot [mode=-] : üéØ [TPSL] placed Conditional(LDOGEUSDTSWAP) @ 0.25566337
[13-08  23:03:14] INFO bot [mode=-] : üõ†Ô∏è [TPSL] mismatch detected ‚Üí reinstall all algos
[13-08  23:03:14] DEBUG bot [mode=-] : üîÑ [TPSL] reinstall_all ‚Üí init(short)=0.1@0.2444, hedge(long)=0.2@0.24945, tp_init=0.241956, tp_hedge=0.25566337
[13-08  23:03:16] INFO bot [mode=-] : üßπ [TPSL] cancelled algos: [{'instId': 'DOGE-USDT-SWAP', 'algoId': '2772032066374684672'}, {'instId': 'DOGE-USDT-SWAP', 'algoId': '2772014650852724736'}]
[13-08  23:03:16] INFO bot [mode=-] : üéØ [TPSL] placed OCO(SDOGEUSDTSWAP) @ 0.241956
[13-08  23:03:17] INFO bot [mode=-] : üéØ [TPSL] placed Conditional(LDOGEUSDTSWAP) @ 0.25566337
[13-08  23:04:08] INFO bot [mode=REST] : Time offset updated -551 ‚Üí -4965 ms
[13-08  23:04:19] INFO bot [mode=REST] : Time offset updated -4965 ‚Üí -547 ms
[13-08  23:05:03] INFO bot [mode=REST] : Time offset updated -547 ‚Üí -2878 ms
[13-08  23:05:14] INFO bot [mode=REST] : Time offset updated -2878 ‚Üí -1063 ms
[13-08  23:10:20] INFO bot [mode=REST] : Time offset updated -1063 ‚Üí -3795 ms
[13-08  23:10:30] INFO bot [mode=REST] : Time offset updated -3795 ‚Üí -547 ms
[13-08  23:10:57] INFO bot [mode=REST] : Time offset updated -547 ‚Üí -7036 ms
[13-08  23:11:08] INFO bot [mode=REST] : Time offset updated -7036 ‚Üí -546 ms
[13-08  23:11:10] INFO bot [mode=SHUTDOWN] : Shutdown initiated
[13-08  23:11:10] INFO bot [mode=SHUTDOWN] : Shutdown complete
[13-08  23:11:15] INFO bot [mode=START] : ‚è≤Ô∏è Time offset set to -527 ms
[13-08  23:11:15] INFO bot [mode=START] : üìà Initial snapshot fetched
[13-08  23:11:16] INFO bot [mode=-] : HTTP server started
[13-08  23:11:16] INFO bot [mode=START] : Orchestrator started
[13-08  23:11:16] INFO bot [mode=-] : [REINVEST-LOOP] –≤—Ö–æ–¥ –≤ —Ü–∏–∫–ª, –∂–¥—É tp_filled_evt
[13-08  23:11:16] INFO bot [mode=STARTUP] : Startup detected TWO legs ‚Üí enter TPSL mode
[13-08  23:11:17] INFO bot [mode=WS] : ‚úÖ [WS-PRIV] login successful
[13-08  23:11:17] INFO bot [mode=WS] : ‚úÖ [WS-PUB] subscribed to tickers
[13-08  23:11:17] INFO bot [mode=WS] : ‚úÖ [WS-PRIV] subscribed to orders
[13-08  23:11:18] INFO bot [mode=WS] : ‚úÖ [WS-PRIV] subscribed to positions
[13-08  23:11:20] DEBUG bot [mode=-] : üîÑ [TPSL] reinstall_all ‚Üí init(short)=0.1@0.2444, hedge(long)=0.2@0.24945, tp_init=0.241956, tp_hedge=0.25566337
[13-08  23:11:21] INFO bot [mode=-] : üßπ [TPSL] cancelled algos: [{'instId': 'DOGE-USDT-SWAP', 'algoId': '2772032159588896768'}, {'instId': 'DOGE-USDT-SWAP', 'algoId': '2772032173279105024'}]
[13-08  23:11:21] INFO bot [mode=-] : üéØ [TPSL] placed OCO(SDOGEUSDTSWAP) @ 0.241956
[13-08  23:11:21] DEBUG bot [mode=-] : üîÑ [TPSL] initial sync pass
[13-08  23:11:21] INFO bot [mode=-] : üéØ [TPSL] placed Conditional(LDOGEUSDTSWAP) @ 0.25566337
[13-08  23:13:59] WARNING bot [mode=TPSL] : [TPSL] fetch_pending_algos timed out after 5.0s
[13-08  23:15:55] WARNING bot [mode=TPSL] : [TPSL] fetch_pending_algos timed out after 5.0s
[13-08  23:19:32] INFO bot [mode=SHUTDOWN] : Shutdown initiated
[13-08  23:19:32] INFO bot [mode=SHUTDOWN] : Shutdown complete
[13-08  23:19:32] ERROR bot [mode=-] : –ö—Ä–∏—Ç–∏—á–µ—Å–∫–∞—è –æ—à–∏–±–∫–∞ –≤ –æ—Ä–∫–µ—Å—Ç—Ä–∞—Ç–æ—Ä–µ: Session is closed
Traceback (most recent call last):
  File "d:\Develop\Python\trade_bot\11.9.1\main.py", line 124, in main
    asyncio.sleep(0)  # –ø—Ä–æ—Å—Ç–æ —á—Ç–æ–±—ã gather –Ω–µ —Å—Ö–ª–æ–ø–Ω—É–ª—Å—è, –µ—Å–ª–∏ run() –º–≥–Ω–æ–≤–µ–Ω–Ω–æ –∑–∞–≤–µ—Ä—à–∞–µ—Ç—Å—è
    ^^^^^^^^^^^^^^^^^^^^^^
  File "d:\Develop\Python\trade_bot\11.9.1\core\orchestrator.py", line 77, in run
    await self.snapshot.sync_from_rest()
  File "d:\Develop\Python\trade_bot\11.9.1\core\position_snapshot.py", line 45, in sync_from_rest
    await self._fetch_and_store()
  File "d:\Develop\Python\trade_bot\11.9.1\core\position_snapshot.py", line 115, in _fetch_and_store
    long_q, long_px = await self._rest_position("long")
                      ^^^^^^^^^^^^^^^^^^^^^^^^^^^^^^^^^
  File "d:\Develop\Python\trade_bot\11.9.1\core\position_snapshot.py", line 145, in _rest_position
    resp = await self.rest.request(
           ^^^^^^^^^^^^^^^^^^^^^^^^
  File "d:\Develop\Python\trade_bot\11.9.1\core\rest_client.py", line 206, in request
    async with self.session.request(
  File "C:\Users\Professional\AppData\Local\Programs\Python\Python312\Lib\site-packages\aiohttp\client.py", line 1360, in __aenter__
    self._resp: _RetType = await self._coro
                           ^^^^^^^^^^^^^^^^
  File "C:\Users\Professional\AppData\Local\Programs\Python\Python312\Lib\site-packages\aiohttp\client.py", line 493, in _request
    raise RuntimeError("Session is closed")
RuntimeError: Session is closed
[13-08  23:19:36] INFO bot [mode=REST] : Time offset updated 0 ‚Üí -1037 ms
[13-08  23:19:37] INFO bot [mode=START] : ‚è≤Ô∏è Time offset set to -1646 ms
[13-08  23:19:38] INFO bot [mode=START] : üìà Initial snapshot fetched
[13-08  23:19:38] INFO bot [mode=-] : HTTP server started
[13-08  23:19:39] INFO bot [mode=START] : Orchestrator started
[13-08  23:19:39] INFO bot [mode=-] : [REINVEST-LOOP] –≤—Ö–æ–¥ –≤ —Ü–∏–∫–ª, –∂–¥—É tp_filled_evt
[13-08  23:19:39] INFO bot [mode=WS] : ‚úÖ [WS-PRIV] login successful
[13-08  23:19:40] INFO bot [mode=WS] : ‚úÖ [WS-PRIV] subscribed to orders
[13-08  23:19:40] INFO bot [mode=STARTUP] : Startup detected TWO legs ‚Üí enter TPSL mode
[13-08  23:19:40] INFO bot [mode=WS] : ‚úÖ [WS-PUB] subscribed to tickers
[13-08  23:19:40] INFO bot [mode=WS] : ‚úÖ [WS-PRIV] subscribed to positions
[13-08  23:19:43] DEBUG bot [mode=-] : üîÑ [TPSL] reinstall_all ‚Üí init(short)=0.1@0.2444, hedge(long)=0.2@0.24945, tp_init=0.241956, tp_hedge=0.25566337
[13-08  23:19:44] DEBUG bot [mode=-] : üîÑ [TPSL] initial sync pass
[13-08  23:19:44] INFO bot [mode=-] : üßπ [TPSL] cancelled algos: [{'instId': 'DOGE-USDT-SWAP', 'algoId': '2772048425468907520'}, {'instId': 'DOGE-USDT-SWAP', 'algoId': '2772048437514948608'}]
[13-08  23:19:45] INFO bot [mode=-] : üéØ [TPSL] placed OCO(SDOGEUSDTSWAP) @ 0.241956
[13-08  23:19:45] INFO bot [mode=-] : üéØ [TPSL] placed Conditional(LDOGEUSDTSWAP) @ 0.25566337
[13-08  23:19:47] INFO bot [mode=REST] : Time offset updated -1646 ‚Üí -548 ms
[13-08  23:20:17] WARNING bot [mode=REST] :   ‚ö† Time sync attempt #1 timed out
[13-08  23:24:01] INFO bot [mode=REST] : Time offset updated -548 ‚Üí -2811 ms
[13-08  23:24:08] INFO bot [mode=SHUTDOWN] : Shutdown initiated
[13-08  23:24:08] INFO bot [mode=SHUTDOWN] : Shutdown complete
[13-08  23:24:08] ERROR bot [mode=MAIN] : üí• Fatal error: Session is closed
Traceback (most recent call last):
  File "d:\Develop\Python\trade_bot\11.9.1\main.py", line 193, in <module>
    asyncio.run(main())
  File "C:\Users\Professional\AppData\Local\Programs\Python\Python312\Lib\asyncio\runners.py", line 194, in run
    return runner.run(main)
           ^^^^^^^^^^^^^^^^
  File "C:\Users\Professional\AppData\Local\Programs\Python\Python312\Lib\asyncio\runners.py", line 118, in run
    return self._loop.run_until_complete(task)
           ^^^^^^^^^^^^^^^^^^^^^^^^^^^^^^^^^^^
  File "C:\Users\Professional\AppData\Local\Programs\Python\Python312\Lib\asyncio\base_events.py", line 687, in run_until_complete
    return future.result()
           ^^^^^^^^^^^^^^^
  File "d:\Develop\Python\trade_bot\11.9.1\main.py", line 122, in main
    await asyncio.gather(
  File "d:\Develop\Python\trade_bot\11.9.1\core\orchestrator.py", line 77, in run
    await self.snapshot.sync_from_rest()
  File "d:\Develop\Python\trade_bot\11.9.1\core\position_snapshot.py", line 45, in sync_from_rest
    await self._fetch_and_store()
  File "d:\Develop\Python\trade_bot\11.9.1\core\position_snapshot.py", line 115, in _fetch_and_store
    long_q, long_px = await self._rest_position("long")
                      ^^^^^^^^^^^^^^^^^^^^^^^^^^^^^^^^^
  File "d:\Develop\Python\trade_bot\11.9.1\core\position_snapshot.py", line 145, in _rest_position
    resp = await self.rest.request(
           ^^^^^^^^^^^^^^^^^^^^^^^^
  File "d:\Develop\Python\trade_bot\11.9.1\core\rest_client.py", line 206, in request
    async with self.session.request(
  File "C:\Users\Professional\AppData\Local\Programs\Python\Python312\Lib\site-packages\aiohttp\client.py", line 1360, in __aenter__
    self._resp: _RetType = await self._coro
                           ^^^^^^^^^^^^^^^^
  File "C:\Users\Professional\AppData\Local\Programs\Python\Python312\Lib\site-packages\aiohttp\client.py", line 493, in _request
    raise RuntimeError("Session is closed")
RuntimeError: Session is closed
[13-08  23:24:08] ERROR bot [mode=LOOP] : Loop-level exception
[13-08  23:24:13] INFO bot [mode=START] : ‚è≤Ô∏è Time offset set to -681 ms
[13-08  23:24:13] INFO bot [mode=START] : üìà Initial snapshot fetched
[13-08  23:24:13] INFO bot [mode=-] : HTTP server started
[13-08  23:24:14] INFO bot [mode=START] : Orchestrator started
[13-08  23:24:14] INFO bot [mode=-] : [REINVEST-LOOP] –≤—Ö–æ–¥ –≤ —Ü–∏–∫–ª, –∂–¥—É tp_filled_evt
[13-08  23:24:15] INFO bot [mode=STARTUP] : Startup detected TWO legs ‚Üí enter TPSL mode
[13-08  23:24:15] INFO bot [mode=WS] : ‚úÖ [WS-PRIV] login successful
[13-08  23:24:16] INFO bot [mode=WS] : ‚úÖ [WS-PRIV] subscribed to orders
[13-08  23:24:16] INFO bot [mode=WS] : ‚úÖ [WS-PRIV] subscribed to positions
[13-08  23:24:19] DEBUG bot [mode=-] : üîÑ [TPSL] initial sync pass
[13-08  23:24:22] DEBUG bot [mode=-] : üîÑ [TPSL] reinstall_all ‚Üí init(short)=0.1@0.2444, hedge(long)=0.2@0.24945, tp_init=0.241956, tp_hedge=0.25566337
[13-08  23:24:24] INFO bot [mode=-] : üßπ [TPSL] cancelled algos: [{'instId': 'DOGE-USDT-SWAP', 'algoId': '2772065333077430272'}, {'instId': 'DOGE-USDT-SWAP', 'algoId': '2772065345391906816'}]
[13-08  23:24:24] INFO bot [mode=-] : üéØ [TPSL] placed OCO(SDOGEUSDTSWAP) @ 0.241956
[13-08  23:24:25] INFO bot [mode=-] : üéØ [TPSL] placed Conditional(LDOGEUSDTSWAP) @ 0.25566337
[13-08  23:24:30] INFO bot [mode=WS] : ‚úÖ [WS-PUB] subscribed to tickers
[13-08  23:27:06] WARNING bot [mode=TPSL] : [TPSL] fetch_pending_algos timed out after 5.0s
